Archive member included to satisfy reference by file (symbol)

c:/program files (x86)/atmel/studio/7.0/toolchain/avr8/avr8-gnu-toolchain/bin/../lib/gcc/avr/4.9.2/avr5\libgcc.a(_udivmodsi4.o)
                              ff.o (__udivmodsi4)
c:/program files (x86)/atmel/studio/7.0/toolchain/avr8/avr8-gnu-toolchain/bin/../lib/gcc/avr/4.9.2/avr5\libgcc.a(_exit.o)
                              C:/Program Files (x86)/Atmel/Studio/7.0/Packs/atmel/ATmega_DFP/1.0.106/gcc/dev/atmega328/avr5/crtatmega328.o (exit)
c:/program files (x86)/atmel/studio/7.0/toolchain/avr8/avr8-gnu-toolchain/bin/../lib/gcc/avr/4.9.2/avr5\libgcc.a(_tablejump2.o)
                              ff.o (__tablejump2__)
c:/program files (x86)/atmel/studio/7.0/toolchain/avr8/avr8-gnu-toolchain/bin/../lib/gcc/avr/4.9.2/avr5\libgcc.a(_copy_data.o)
                              ff.o (__do_copy_data)
c:/program files (x86)/atmel/studio/7.0/toolchain/avr8/avr8-gnu-toolchain/bin/../lib/gcc/avr/4.9.2/avr5\libgcc.a(_clear_bss.o)
                              ff.o (__do_clear_bss)
c:/program files (x86)/atmel/studio/7.0/toolchain/avr8/avr8-gnu-toolchain/bin/../lib/gcc/avr/4.9.2/avr5\libgcc.a(_muluhisi3.o)
                              ff.o (__muluhisi3)
c:/program files (x86)/atmel/studio/7.0/toolchain/avr8/avr8-gnu-toolchain/bin/../lib/gcc/avr/4.9.2/avr5\libgcc.a(_umulhisi3.o)
                              c:/program files (x86)/atmel/studio/7.0/toolchain/avr8/avr8-gnu-toolchain/bin/../lib/gcc/avr/4.9.2/avr5\libgcc.a(_muluhisi3.o) (__umulhisi3)

Allocating common symbols
Common symbol       size              file

adcbufferindex      0x2               FatfsAVR.o
timetotal           0x4               FatfsAVR.o
timediff            0x1               FatfsAVR.o
lasttime            0x1               FatfsAVR.o
fs                  0x236             FatfsAVR.o
fin                 0x20              FatfsAVR.o
currenttime         0x1               FatfsAVR.o
adcbuffer           0x400             FatfsAVR.o

Discarded input sections

 .data          0x00000000        0x0 C:/Program Files (x86)/Atmel/Studio/7.0/Packs/atmel/ATmega_DFP/1.0.106/gcc/dev/atmega328/avr5/crtatmega328.o
 .bss           0x00000000        0x0 C:/Program Files (x86)/Atmel/Studio/7.0/Packs/atmel/ATmega_DFP/1.0.106/gcc/dev/atmega328/avr5/crtatmega328.o
 .text          0x00000000        0x0 ff.o
 .data          0x00000000        0x0 ff.o
 .bss           0x00000000        0x0 ff.o
 .text.get_fileinfo
                0x00000000       0xf2 ff.o
 .text.dir_read
                0x00000000       0xa0 ff.o
 .text.f_read   0x00000000      0x290 ff.o
 .text.f_chdrive
                0x00000000        0xe ff.o
 .text.f_chdir  0x00000000       0xac ff.o
 .text.f_getcwd
                0x00000000      0x228 ff.o
 .text.f_lseek  0x00000000      0x388 ff.o
 .text.f_opendir
                0x00000000       0xe2 ff.o
 .text.f_readdir
                0x00000000       0xae ff.o
 .text.f_gets   0x00000000       0xa8 ff.o
 .text          0x00000000        0x0 mmc.o
 .data          0x00000000        0x0 mmc.o
 .bss           0x00000000        0x0 mmc.o
 .text          0x00000000        0x0 uart.o
 .data          0x00000000        0x0 uart.o
 .bss           0x00000000        0x0 uart.o
 .text.uart_test
                0x00000000        0xa uart.o
 .text.uart_getc
                0x00000000       0x3e uart.o
 .text.uart_putc
                0x00000000       0x44 uart.o
 .text          0x00000000      0x21c xitoa.o
 .data          0x00000000        0x0 xitoa.o
 .bss           0x00000000        0x2 xitoa.o
 .debug_line    0x00000000      0x682 xitoa.o
 .debug_info    0x00000000       0x79 xitoa.o
 .debug_abbrev  0x00000000       0x14 xitoa.o
 .debug_aranges
                0x00000000       0x20 xitoa.o
 .text          0x00000000        0x0 FatfsAVR.o
 .data          0x00000000        0x0 FatfsAVR.o
 .bss           0x00000000        0x0 FatfsAVR.o
 .text.uart_puts
                0x00000000       0x1e FatfsAVR.o
 .text          0x00000000        0x0 c:/program files (x86)/atmel/studio/7.0/toolchain/avr8/avr8-gnu-toolchain/bin/../lib/gcc/avr/4.9.2/avr5\libgcc.a(_udivmodsi4.o)
 .data          0x00000000        0x0 c:/program files (x86)/atmel/studio/7.0/toolchain/avr8/avr8-gnu-toolchain/bin/../lib/gcc/avr/4.9.2/avr5\libgcc.a(_udivmodsi4.o)
 .bss           0x00000000        0x0 c:/program files (x86)/atmel/studio/7.0/toolchain/avr8/avr8-gnu-toolchain/bin/../lib/gcc/avr/4.9.2/avr5\libgcc.a(_udivmodsi4.o)
 .text.libgcc.mul
                0x00000000        0x0 c:/program files (x86)/atmel/studio/7.0/toolchain/avr8/avr8-gnu-toolchain/bin/../lib/gcc/avr/4.9.2/avr5\libgcc.a(_udivmodsi4.o)
 .text.libgcc   0x00000000        0x0 c:/program files (x86)/atmel/studio/7.0/toolchain/avr8/avr8-gnu-toolchain/bin/../lib/gcc/avr/4.9.2/avr5\libgcc.a(_udivmodsi4.o)
 .text.libgcc.prologue
                0x00000000        0x0 c:/program files (x86)/atmel/studio/7.0/toolchain/avr8/avr8-gnu-toolchain/bin/../lib/gcc/avr/4.9.2/avr5\libgcc.a(_udivmodsi4.o)
 .text.libgcc.builtins
                0x00000000        0x0 c:/program files (x86)/atmel/studio/7.0/toolchain/avr8/avr8-gnu-toolchain/bin/../lib/gcc/avr/4.9.2/avr5\libgcc.a(_udivmodsi4.o)
 .text.libgcc.fmul
                0x00000000        0x0 c:/program files (x86)/atmel/studio/7.0/toolchain/avr8/avr8-gnu-toolchain/bin/../lib/gcc/avr/4.9.2/avr5\libgcc.a(_udivmodsi4.o)
 .text.libgcc.fixed
                0x00000000        0x0 c:/program files (x86)/atmel/studio/7.0/toolchain/avr8/avr8-gnu-toolchain/bin/../lib/gcc/avr/4.9.2/avr5\libgcc.a(_udivmodsi4.o)
 .text          0x00000000        0x0 c:/program files (x86)/atmel/studio/7.0/toolchain/avr8/avr8-gnu-toolchain/bin/../lib/gcc/avr/4.9.2/avr5\libgcc.a(_exit.o)
 .data          0x00000000        0x0 c:/program files (x86)/atmel/studio/7.0/toolchain/avr8/avr8-gnu-toolchain/bin/../lib/gcc/avr/4.9.2/avr5\libgcc.a(_exit.o)
 .bss           0x00000000        0x0 c:/program files (x86)/atmel/studio/7.0/toolchain/avr8/avr8-gnu-toolchain/bin/../lib/gcc/avr/4.9.2/avr5\libgcc.a(_exit.o)
 .text.libgcc.mul
                0x00000000        0x0 c:/program files (x86)/atmel/studio/7.0/toolchain/avr8/avr8-gnu-toolchain/bin/../lib/gcc/avr/4.9.2/avr5\libgcc.a(_exit.o)
 .text.libgcc.div
                0x00000000        0x0 c:/program files (x86)/atmel/studio/7.0/toolchain/avr8/avr8-gnu-toolchain/bin/../lib/gcc/avr/4.9.2/avr5\libgcc.a(_exit.o)
 .text.libgcc   0x00000000        0x0 c:/program files (x86)/atmel/studio/7.0/toolchain/avr8/avr8-gnu-toolchain/bin/../lib/gcc/avr/4.9.2/avr5\libgcc.a(_exit.o)
 .text.libgcc.prologue
                0x00000000        0x0 c:/program files (x86)/atmel/studio/7.0/toolchain/avr8/avr8-gnu-toolchain/bin/../lib/gcc/avr/4.9.2/avr5\libgcc.a(_exit.o)
 .text.libgcc.builtins
                0x00000000        0x0 c:/program files (x86)/atmel/studio/7.0/toolchain/avr8/avr8-gnu-toolchain/bin/../lib/gcc/avr/4.9.2/avr5\libgcc.a(_exit.o)
 .text.libgcc.fmul
                0x00000000        0x0 c:/program files (x86)/atmel/studio/7.0/toolchain/avr8/avr8-gnu-toolchain/bin/../lib/gcc/avr/4.9.2/avr5\libgcc.a(_exit.o)
 .text.libgcc.fixed
                0x00000000        0x0 c:/program files (x86)/atmel/studio/7.0/toolchain/avr8/avr8-gnu-toolchain/bin/../lib/gcc/avr/4.9.2/avr5\libgcc.a(_exit.o)
 .text          0x00000000        0x0 c:/program files (x86)/atmel/studio/7.0/toolchain/avr8/avr8-gnu-toolchain/bin/../lib/gcc/avr/4.9.2/avr5\libgcc.a(_tablejump2.o)
 .data          0x00000000        0x0 c:/program files (x86)/atmel/studio/7.0/toolchain/avr8/avr8-gnu-toolchain/bin/../lib/gcc/avr/4.9.2/avr5\libgcc.a(_tablejump2.o)
 .bss           0x00000000        0x0 c:/program files (x86)/atmel/studio/7.0/toolchain/avr8/avr8-gnu-toolchain/bin/../lib/gcc/avr/4.9.2/avr5\libgcc.a(_tablejump2.o)
 .text.libgcc.mul
                0x00000000        0x0 c:/program files (x86)/atmel/studio/7.0/toolchain/avr8/avr8-gnu-toolchain/bin/../lib/gcc/avr/4.9.2/avr5\libgcc.a(_tablejump2.o)
 .text.libgcc.div
                0x00000000        0x0 c:/program files (x86)/atmel/studio/7.0/toolchain/avr8/avr8-gnu-toolchain/bin/../lib/gcc/avr/4.9.2/avr5\libgcc.a(_tablejump2.o)
 .text.libgcc.prologue
                0x00000000        0x0 c:/program files (x86)/atmel/studio/7.0/toolchain/avr8/avr8-gnu-toolchain/bin/../lib/gcc/avr/4.9.2/avr5\libgcc.a(_tablejump2.o)
 .text.libgcc.builtins
                0x00000000        0x0 c:/program files (x86)/atmel/studio/7.0/toolchain/avr8/avr8-gnu-toolchain/bin/../lib/gcc/avr/4.9.2/avr5\libgcc.a(_tablejump2.o)
 .text.libgcc.fmul
                0x00000000        0x0 c:/program files (x86)/atmel/studio/7.0/toolchain/avr8/avr8-gnu-toolchain/bin/../lib/gcc/avr/4.9.2/avr5\libgcc.a(_tablejump2.o)
 .text.libgcc.fixed
                0x00000000        0x0 c:/program files (x86)/atmel/studio/7.0/toolchain/avr8/avr8-gnu-toolchain/bin/../lib/gcc/avr/4.9.2/avr5\libgcc.a(_tablejump2.o)
 .text          0x00000000        0x0 c:/program files (x86)/atmel/studio/7.0/toolchain/avr8/avr8-gnu-toolchain/bin/../lib/gcc/avr/4.9.2/avr5\libgcc.a(_copy_data.o)
 .data          0x00000000        0x0 c:/program files (x86)/atmel/studio/7.0/toolchain/avr8/avr8-gnu-toolchain/bin/../lib/gcc/avr/4.9.2/avr5\libgcc.a(_copy_data.o)
 .bss           0x00000000        0x0 c:/program files (x86)/atmel/studio/7.0/toolchain/avr8/avr8-gnu-toolchain/bin/../lib/gcc/avr/4.9.2/avr5\libgcc.a(_copy_data.o)
 .text.libgcc.mul
                0x00000000        0x0 c:/program files (x86)/atmel/studio/7.0/toolchain/avr8/avr8-gnu-toolchain/bin/../lib/gcc/avr/4.9.2/avr5\libgcc.a(_copy_data.o)
 .text.libgcc.div
                0x00000000        0x0 c:/program files (x86)/atmel/studio/7.0/toolchain/avr8/avr8-gnu-toolchain/bin/../lib/gcc/avr/4.9.2/avr5\libgcc.a(_copy_data.o)
 .text.libgcc   0x00000000        0x0 c:/program files (x86)/atmel/studio/7.0/toolchain/avr8/avr8-gnu-toolchain/bin/../lib/gcc/avr/4.9.2/avr5\libgcc.a(_copy_data.o)
 .text.libgcc.prologue
                0x00000000        0x0 c:/program files (x86)/atmel/studio/7.0/toolchain/avr8/avr8-gnu-toolchain/bin/../lib/gcc/avr/4.9.2/avr5\libgcc.a(_copy_data.o)
 .text.libgcc.builtins
                0x00000000        0x0 c:/program files (x86)/atmel/studio/7.0/toolchain/avr8/avr8-gnu-toolchain/bin/../lib/gcc/avr/4.9.2/avr5\libgcc.a(_copy_data.o)
 .text.libgcc.fmul
                0x00000000        0x0 c:/program files (x86)/atmel/studio/7.0/toolchain/avr8/avr8-gnu-toolchain/bin/../lib/gcc/avr/4.9.2/avr5\libgcc.a(_copy_data.o)
 .text.libgcc.fixed
                0x00000000        0x0 c:/program files (x86)/atmel/studio/7.0/toolchain/avr8/avr8-gnu-toolchain/bin/../lib/gcc/avr/4.9.2/avr5\libgcc.a(_copy_data.o)
 .text          0x00000000        0x0 c:/program files (x86)/atmel/studio/7.0/toolchain/avr8/avr8-gnu-toolchain/bin/../lib/gcc/avr/4.9.2/avr5\libgcc.a(_clear_bss.o)
 .data          0x00000000        0x0 c:/program files (x86)/atmel/studio/7.0/toolchain/avr8/avr8-gnu-toolchain/bin/../lib/gcc/avr/4.9.2/avr5\libgcc.a(_clear_bss.o)
 .bss           0x00000000        0x0 c:/program files (x86)/atmel/studio/7.0/toolchain/avr8/avr8-gnu-toolchain/bin/../lib/gcc/avr/4.9.2/avr5\libgcc.a(_clear_bss.o)
 .text.libgcc.mul
                0x00000000        0x0 c:/program files (x86)/atmel/studio/7.0/toolchain/avr8/avr8-gnu-toolchain/bin/../lib/gcc/avr/4.9.2/avr5\libgcc.a(_clear_bss.o)
 .text.libgcc.div
                0x00000000        0x0 c:/program files (x86)/atmel/studio/7.0/toolchain/avr8/avr8-gnu-toolchain/bin/../lib/gcc/avr/4.9.2/avr5\libgcc.a(_clear_bss.o)
 .text.libgcc   0x00000000        0x0 c:/program files (x86)/atmel/studio/7.0/toolchain/avr8/avr8-gnu-toolchain/bin/../lib/gcc/avr/4.9.2/avr5\libgcc.a(_clear_bss.o)
 .text.libgcc.prologue
                0x00000000        0x0 c:/program files (x86)/atmel/studio/7.0/toolchain/avr8/avr8-gnu-toolchain/bin/../lib/gcc/avr/4.9.2/avr5\libgcc.a(_clear_bss.o)
 .text.libgcc.builtins
                0x00000000        0x0 c:/program files (x86)/atmel/studio/7.0/toolchain/avr8/avr8-gnu-toolchain/bin/../lib/gcc/avr/4.9.2/avr5\libgcc.a(_clear_bss.o)
 .text.libgcc.fmul
                0x00000000        0x0 c:/program files (x86)/atmel/studio/7.0/toolchain/avr8/avr8-gnu-toolchain/bin/../lib/gcc/avr/4.9.2/avr5\libgcc.a(_clear_bss.o)
 .text.libgcc.fixed
                0x00000000        0x0 c:/program files (x86)/atmel/studio/7.0/toolchain/avr8/avr8-gnu-toolchain/bin/../lib/gcc/avr/4.9.2/avr5\libgcc.a(_clear_bss.o)
 .text          0x00000000        0x0 c:/program files (x86)/atmel/studio/7.0/toolchain/avr8/avr8-gnu-toolchain/bin/../lib/gcc/avr/4.9.2/avr5\libgcc.a(_muluhisi3.o)
 .data          0x00000000        0x0 c:/program files (x86)/atmel/studio/7.0/toolchain/avr8/avr8-gnu-toolchain/bin/../lib/gcc/avr/4.9.2/avr5\libgcc.a(_muluhisi3.o)
 .bss           0x00000000        0x0 c:/program files (x86)/atmel/studio/7.0/toolchain/avr8/avr8-gnu-toolchain/bin/../lib/gcc/avr/4.9.2/avr5\libgcc.a(_muluhisi3.o)
 .text.libgcc.div
                0x00000000        0x0 c:/program files (x86)/atmel/studio/7.0/toolchain/avr8/avr8-gnu-toolchain/bin/../lib/gcc/avr/4.9.2/avr5\libgcc.a(_muluhisi3.o)
 .text.libgcc   0x00000000        0x0 c:/program files (x86)/atmel/studio/7.0/toolchain/avr8/avr8-gnu-toolchain/bin/../lib/gcc/avr/4.9.2/avr5\libgcc.a(_muluhisi3.o)
 .text.libgcc.prologue
                0x00000000        0x0 c:/program files (x86)/atmel/studio/7.0/toolchain/avr8/avr8-gnu-toolchain/bin/../lib/gcc/avr/4.9.2/avr5\libgcc.a(_muluhisi3.o)
 .text.libgcc.builtins
                0x00000000        0x0 c:/program files (x86)/atmel/studio/7.0/toolchain/avr8/avr8-gnu-toolchain/bin/../lib/gcc/avr/4.9.2/avr5\libgcc.a(_muluhisi3.o)
 .text.libgcc.fmul
                0x00000000        0x0 c:/program files (x86)/atmel/studio/7.0/toolchain/avr8/avr8-gnu-toolchain/bin/../lib/gcc/avr/4.9.2/avr5\libgcc.a(_muluhisi3.o)
 .text.libgcc.fixed
                0x00000000        0x0 c:/program files (x86)/atmel/studio/7.0/toolchain/avr8/avr8-gnu-toolchain/bin/../lib/gcc/avr/4.9.2/avr5\libgcc.a(_muluhisi3.o)
 .text          0x00000000        0x0 c:/program files (x86)/atmel/studio/7.0/toolchain/avr8/avr8-gnu-toolchain/bin/../lib/gcc/avr/4.9.2/avr5\libgcc.a(_umulhisi3.o)
 .data          0x00000000        0x0 c:/program files (x86)/atmel/studio/7.0/toolchain/avr8/avr8-gnu-toolchain/bin/../lib/gcc/avr/4.9.2/avr5\libgcc.a(_umulhisi3.o)
 .bss           0x00000000        0x0 c:/program files (x86)/atmel/studio/7.0/toolchain/avr8/avr8-gnu-toolchain/bin/../lib/gcc/avr/4.9.2/avr5\libgcc.a(_umulhisi3.o)
 .text.libgcc.div
                0x00000000        0x0 c:/program files (x86)/atmel/studio/7.0/toolchain/avr8/avr8-gnu-toolchain/bin/../lib/gcc/avr/4.9.2/avr5\libgcc.a(_umulhisi3.o)
 .text.libgcc   0x00000000        0x0 c:/program files (x86)/atmel/studio/7.0/toolchain/avr8/avr8-gnu-toolchain/bin/../lib/gcc/avr/4.9.2/avr5\libgcc.a(_umulhisi3.o)
 .text.libgcc.prologue
                0x00000000        0x0 c:/program files (x86)/atmel/studio/7.0/toolchain/avr8/avr8-gnu-toolchain/bin/../lib/gcc/avr/4.9.2/avr5\libgcc.a(_umulhisi3.o)
 .text.libgcc.builtins
                0x00000000        0x0 c:/program files (x86)/atmel/studio/7.0/toolchain/avr8/avr8-gnu-toolchain/bin/../lib/gcc/avr/4.9.2/avr5\libgcc.a(_umulhisi3.o)
 .text.libgcc.fmul
                0x00000000        0x0 c:/program files (x86)/atmel/studio/7.0/toolchain/avr8/avr8-gnu-toolchain/bin/../lib/gcc/avr/4.9.2/avr5\libgcc.a(_umulhisi3.o)
 .text.libgcc.fixed
                0x00000000        0x0 c:/program files (x86)/atmel/studio/7.0/toolchain/avr8/avr8-gnu-toolchain/bin/../lib/gcc/avr/4.9.2/avr5\libgcc.a(_umulhisi3.o)

Memory Configuration

Name             Origin             Length             Attributes
text             0x00000000         0x00020000         xr
data             0x00800060         0x0000ffa0         rw !x
eeprom           0x00810000         0x00010000         rw !x
fuse             0x00820000         0x00000400         rw !x
lock             0x00830000         0x00000400         rw !x
signature        0x00840000         0x00000400         rw !x
user_signatures  0x00850000         0x00000400         rw !x
*default*        0x00000000         0xffffffff

Linker script and memory map

Address of section .data set to 0x800100
LOAD C:/Program Files (x86)/Atmel/Studio/7.0/Packs/atmel/ATmega_DFP/1.0.106/gcc/dev/atmega328/avr5/crtatmega328.o
LOAD ff.o
LOAD mmc.o
LOAD uart.o
LOAD xitoa.o
LOAD FatfsAVR.o
START GROUP
LOAD c:/program files (x86)/atmel/studio/7.0/toolchain/avr8/avr8-gnu-toolchain/bin/../lib/gcc/avr/4.9.2/../../../../avr/lib/avr5\libm.a
END GROUP
START GROUP
LOAD c:/program files (x86)/atmel/studio/7.0/toolchain/avr8/avr8-gnu-toolchain/bin/../lib/gcc/avr/4.9.2/avr5\libgcc.a
LOAD c:/program files (x86)/atmel/studio/7.0/toolchain/avr8/avr8-gnu-toolchain/bin/../lib/gcc/avr/4.9.2/../../../../avr/lib/avr5\libm.a
LOAD c:/program files (x86)/atmel/studio/7.0/toolchain/avr8/avr8-gnu-toolchain/bin/../lib/gcc/avr/4.9.2/../../../../avr/lib/avr5\libc.a
LOAD C:/Program Files (x86)/Atmel/Studio/7.0/Packs/atmel/ATmega_DFP/1.0.106/gcc/dev/atmega328/avr5\libatmega328.a
END GROUP
                0x00020000                __TEXT_REGION_LENGTH__ = DEFINED (__TEXT_REGION_LENGTH__)?__TEXT_REGION_LENGTH__:0x20000
                0x0000ffa0                __DATA_REGION_LENGTH__ = DEFINED (__DATA_REGION_LENGTH__)?__DATA_REGION_LENGTH__:0xffa0
                0x00010000                __EEPROM_REGION_LENGTH__ = DEFINED (__EEPROM_REGION_LENGTH__)?__EEPROM_REGION_LENGTH__:0x10000
                0x00000400                __FUSE_REGION_LENGTH__ = DEFINED (__FUSE_REGION_LENGTH__)?__FUSE_REGION_LENGTH__:0x400
                0x00000400                __LOCK_REGION_LENGTH__ = DEFINED (__LOCK_REGION_LENGTH__)?__LOCK_REGION_LENGTH__:0x400
                0x00000400                __SIGNATURE_REGION_LENGTH__ = DEFINED (__SIGNATURE_REGION_LENGTH__)?__SIGNATURE_REGION_LENGTH__:0x400
                0x00000400                __USER_SIGNATURE_REGION_LENGTH__ = DEFINED (__USER_SIGNATURE_REGION_LENGTH__)?__USER_SIGNATURE_REGION_LENGTH__:0x400

.hash
 *(.hash)

.dynsym
 *(.dynsym)

.dynstr
 *(.dynstr)

.gnu.version
 *(.gnu.version)

.gnu.version_d
 *(.gnu.version_d)

.gnu.version_r
 *(.gnu.version_r)

.rel.init
 *(.rel.init)

.rela.init
 *(.rela.init)

.rel.text
 *(.rel.text)
 *(.rel.text.*)
 *(.rel.gnu.linkonce.t*)

.rela.text
 *(.rela.text)
 *(.rela.text.*)
 *(.rela.gnu.linkonce.t*)

.rel.fini
 *(.rel.fini)

.rela.fini
 *(.rela.fini)

.rel.rodata
 *(.rel.rodata)
 *(.rel.rodata.*)
 *(.rel.gnu.linkonce.r*)

.rela.rodata
 *(.rela.rodata)
 *(.rela.rodata.*)
 *(.rela.gnu.linkonce.r*)

.rel.data
 *(.rel.data)
 *(.rel.data.*)
 *(.rel.gnu.linkonce.d*)

.rela.data
 *(.rela.data)
 *(.rela.data.*)
 *(.rela.gnu.linkonce.d*)

.rel.ctors
 *(.rel.ctors)

.rela.ctors
 *(.rela.ctors)

.rel.dtors
 *(.rel.dtors)

.rela.dtors
 *(.rela.dtors)

.rel.got
 *(.rel.got)

.rela.got
 *(.rela.got)

.rel.bss
 *(.rel.bss)

.rela.bss
 *(.rela.bss)

.rel.plt
 *(.rel.plt)

.rela.plt
 *(.rela.plt)

.text           0x00000000     0x31a4
 *(.vectors)
 .vectors       0x00000000       0x68 C:/Program Files (x86)/Atmel/Studio/7.0/Packs/atmel/ATmega_DFP/1.0.106/gcc/dev/atmega328/avr5/crtatmega328.o
                0x00000000                __vector_default
                0x00000000                __vectors
 *(.vectors)
 *(.progmem.gcc*)
 .progmem.gcc_sw_table.f_printf
                0x00000068       0x2e ff.o
 .progmem.gcc_sw_table.disk_ioctl
                0x00000096       0x1e mmc.o
                0x000000b4                . = ALIGN (0x2)
                0x000000b4                __trampolines_start = .
 *(.trampolines)
 .trampolines   0x000000b4        0x0 linker stubs
 *(.trampolines*)
                0x000000b4                __trampolines_end = .
 *(.progmem*)
                0x000000b4                . = ALIGN (0x2)
 *(.jumptables)
 *(.jumptables*)
 *(.lowtext)
 *(.lowtext*)
                0x000000b4                __ctors_start = .
 *(.ctors)
                0x000000b4                __ctors_end = .
                0x000000b4                __dtors_start = .
 *(.dtors)
                0x000000b4                __dtors_end = .
 SORT(*)(.ctors)
 SORT(*)(.dtors)
 *(.init0)
 .init0         0x000000b4        0x0 C:/Program Files (x86)/Atmel/Studio/7.0/Packs/atmel/ATmega_DFP/1.0.106/gcc/dev/atmega328/avr5/crtatmega328.o
                0x000000b4                __init
 *(.init0)
 *(.init1)
 *(.init1)
 *(.init2)
 .init2         0x000000b4        0xc C:/Program Files (x86)/Atmel/Studio/7.0/Packs/atmel/ATmega_DFP/1.0.106/gcc/dev/atmega328/avr5/crtatmega328.o
 *(.init2)
 *(.init3)
 *(.init3)
 *(.init4)
 .init4         0x000000c0       0x16 c:/program files (x86)/atmel/studio/7.0/toolchain/avr8/avr8-gnu-toolchain/bin/../lib/gcc/avr/4.9.2/avr5\libgcc.a(_copy_data.o)
                0x000000c0                __do_copy_data
 .init4         0x000000d6       0x10 c:/program files (x86)/atmel/studio/7.0/toolchain/avr8/avr8-gnu-toolchain/bin/../lib/gcc/avr/4.9.2/avr5\libgcc.a(_clear_bss.o)
                0x000000d6                __do_clear_bss
 *(.init4)
 *(.init5)
 *(.init5)
 *(.init6)
 *(.init6)
 *(.init7)
 *(.init7)
 *(.init8)
 *(.init8)
 *(.init9)
 .init9         0x000000e6        0x8 C:/Program Files (x86)/Atmel/Studio/7.0/Packs/atmel/ATmega_DFP/1.0.106/gcc/dev/atmega328/avr5/crtatmega328.o
 *(.init9)
 *(.text)
 .text          0x000000ee        0x4 C:/Program Files (x86)/Atmel/Studio/7.0/Packs/atmel/ATmega_DFP/1.0.106/gcc/dev/atmega328/avr5/crtatmega328.o
                0x000000ee                __vector_22
                0x000000ee                __vector_1
                0x000000ee                __vector_24
                0x000000ee                __vector_12
                0x000000ee                __bad_interrupt
                0x000000ee                __vector_6
                0x000000ee                __vector_3
                0x000000ee                __vector_23
                0x000000ee                __vector_25
                0x000000ee                __vector_11
                0x000000ee                __vector_13
                0x000000ee                __vector_17
                0x000000ee                __vector_5
                0x000000ee                __vector_4
                0x000000ee                __vector_9
                0x000000ee                __vector_2
                0x000000ee                __vector_15
                0x000000ee                __vector_8
                0x000000ee                __vector_14
                0x000000ee                __vector_10
                0x000000ee                __vector_16
                0x000000ee                __vector_20
                0x000000f2                . = ALIGN (0x2)
 *(.text.*)
 .text.mem_cpy  0x000000f2       0x58 ff.o
 .text.ld_clust
                0x0000014a       0x32 ff.o
 .text.check_fs
                0x0000017c       0x76 ff.o
 .text.sync_window
                0x000001f2       0xd8 ff.o
 .text.move_window
                0x000002ca       0x72 ff.o
 .text.validate
                0x0000033c       0x4a ff.o
 .text.chk_mounted
                0x00000386      0x5f4 ff.o
 .text.clust2sect
                0x0000097a       0x5c ff.o
                0x0000097a                clust2sect
 .text.get_fat  0x000009d6      0x1c6 ff.o
                0x000009d6                get_fat
 .text.dir_sdi  0x00000b9c      0x172 ff.o
 .text.put_fat  0x00000d0e      0x23c ff.o
                0x00000d0e                put_fat
 .text.create_chain
                0x00000f4a      0x20c ff.o
 .text.dir_next
                0x00001156      0x270 ff.o
 .text.follow_path
                0x000013c6      0x368 ff.o
 .text.f_mount  0x0000172e       0x2c ff.o
                0x0000172e                f_mount
 .text.f_open   0x0000175a      0x3cc ff.o
                0x0000175a                f_open
 .text.f_write  0x00001b26      0x348 ff.o
                0x00001b26                f_write
 .text.f_sync   0x00001e6e      0x142 ff.o
                0x00001e6e                f_sync
 .text.f_close  0x00001fb0       0x18 ff.o
                0x00001fb0                f_close
 .text.f_putc   0x00001fc8       0x4a ff.o
                0x00001fc8                f_putc
 .text.f_puts   0x00002012       0x4c ff.o
                0x00002012                f_puts
 .text.f_printf
                0x0000205e      0x47c ff.o
                0x0000205e                f_printf
 .text.power_off
                0x000024da       0x10 mmc.o
 .text.xchg_spi
                0x000024ea        0xc mmc.o
 .text.deselect
                0x000024f6        0xa mmc.o
 .text.select   0x00002500       0x30 mmc.o
 .text.rcvr_datablock
                0x00002530       0x74 mmc.o
 .text.send_cmd
                0x000025a4       0xa0 mmc.o
 .text.xmit_datablock
                0x00002644       0x82 mmc.o
 .text.disk_initialize
                0x000026c6      0x1a8 mmc.o
                0x000026c6                disk_initialize
 .text.disk_status
                0x0000286e        0xe mmc.o
                0x0000286e                disk_status
 .text.disk_read
                0x0000287c       0xa6 mmc.o
                0x0000287c                disk_read
 .text.disk_write
                0x00002922       0xd8 mmc.o
                0x00002922                disk_write
 .text.disk_ioctl
                0x000029fa      0x376 mmc.o
                0x000029fa                disk_ioctl
 .text.disk_timerproc
                0x00002d70       0x3a mmc.o
                0x00002d70                disk_timerproc
 .text.USART0Init
                0x00002daa       0x40 uart.o
                0x00002daa                USART0Init
 .text.__vector_18
                0x00002dea       0x66 uart.o
                0x00002dea                __vector_18
 .text.__vector_19
                0x00002e50       0x78 uart.o
                0x00002e50                __vector_19
 .text.USART0SendByte
                0x00002ec8       0x24 FatfsAVR.o
                0x00002ec8                USART0SendByte
 .text.InitADC  0x00002eec       0x22 FatfsAVR.o
                0x00002eec                InitADC
 .text.__vector_21
                0x00002f0e       0xc6 FatfsAVR.o
                0x00002f0e                __vector_21
 .text.timer0_init
                0x00002fd4        0xa FatfsAVR.o
                0x00002fd4                timer0_init
 .text.timer2_init
                0x00002fde       0x10 FatfsAVR.o
                0x00002fde                timer2_init
 .text.__vector_7
                0x00002fee       0x48 FatfsAVR.o
                0x00002fee                __vector_7
 .text.main     0x00003036       0xdc FatfsAVR.o
                0x00003036                main
 .text.get_fattime
                0x00003112        0xa FatfsAVR.o
                0x00003112                get_fattime
 .text.libgcc.div
                0x0000311c       0x44 c:/program files (x86)/atmel/studio/7.0/toolchain/avr8/avr8-gnu-toolchain/bin/../lib/gcc/avr/4.9.2/avr5\libgcc.a(_udivmodsi4.o)
                0x0000311c                __udivmodsi4
 .text.libgcc   0x00003160        0xc c:/program files (x86)/atmel/studio/7.0/toolchain/avr8/avr8-gnu-toolchain/bin/../lib/gcc/avr/4.9.2/avr5\libgcc.a(_tablejump2.o)
                0x00003160                __tablejump2__
 .text.libgcc.mul
                0x0000316c       0x16 c:/program files (x86)/atmel/studio/7.0/toolchain/avr8/avr8-gnu-toolchain/bin/../lib/gcc/avr/4.9.2/avr5\libgcc.a(_muluhisi3.o)
                0x0000316c                __muluhisi3
 .text.libgcc.mul
                0x00003182       0x1e c:/program files (x86)/atmel/studio/7.0/toolchain/avr8/avr8-gnu-toolchain/bin/../lib/gcc/avr/4.9.2/avr5\libgcc.a(_umulhisi3.o)
                0x00003182                __umulhisi3
                0x000031a0                . = ALIGN (0x2)
 *(.fini9)
 .fini9         0x000031a0        0x0 c:/program files (x86)/atmel/studio/7.0/toolchain/avr8/avr8-gnu-toolchain/bin/../lib/gcc/avr/4.9.2/avr5\libgcc.a(_exit.o)
                0x000031a0                _exit
                0x000031a0                exit
 *(.fini9)
 *(.fini8)
 *(.fini8)
 *(.fini7)
 *(.fini7)
 *(.fini6)
 *(.fini6)
 *(.fini5)
 *(.fini5)
 *(.fini4)
 *(.fini4)
 *(.fini3)
 *(.fini3)
 *(.fini2)
 *(.fini2)
 *(.fini1)
 *(.fini1)
 *(.fini0)
 .fini0         0x000031a0        0x4 c:/program files (x86)/atmel/studio/7.0/toolchain/avr8/avr8-gnu-toolchain/bin/../lib/gcc/avr/4.9.2/avr5\libgcc.a(_exit.o)
 *(.fini0)
                0x000031a4                _etext = .

.data           0x00800100       0x2e load address 0x000031a4
                0x00800100                PROVIDE (__data_start, .)
 *(.data)
 *(.data*)
 .data.Stat     0x00800100        0x1 mmc.o
 .data.usart0_str
                0x00800101        0xe FatfsAVR.o
                0x00800101                usart0_str
 *(.rodata)
 *(.rodata*)
 .rodata.str1.1
                0x0080010f        0xf ff.o
 .rodata.str1.1
                0x0080011e        0xf FatfsAVR.o
 *(.gnu.linkonce.d*)
                0x0080012e                . = ALIGN (0x2)
 *fill*         0x0080012d        0x1 
                0x0080012e                _edata = .
                0x0080012e                PROVIDE (__data_end, .)

.bss            0x0080012e      0x6f3
                0x0080012e                PROVIDE (__bss_start, .)
 *(.bss)
 *(.bss*)
 .bss.CurrVol   0x0080012e        0x1 ff.o
 .bss.Fsid      0x0080012f        0x2 ff.o
 .bss.FatFs     0x00800131        0x2 ff.o
 .bss.CardType  0x00800133        0x1 mmc.o
 .bss.Timer2    0x00800134        0x1 mmc.o
 .bss.Timer1    0x00800135        0x1 mmc.o
 .bss.RxFifo    0x00800136       0x46 uart.o
 .bss.TxFifo    0x0080017c       0x46 uart.o
 *(COMMON)
 COMMON         0x008001c2      0x65f FatfsAVR.o
                0x008001c2                adcbufferindex
                0x008001c4                timetotal
                0x008001c8                timediff
                0x008001c9                lasttime
                0x008001ca                fs
                0x00800400                fin
                0x00800420                currenttime
                0x00800421                adcbuffer
                0x00800821                PROVIDE (__bss_end, .)
                0x000031a4                __data_load_start = LOADADDR (.data)
                0x000031d2                __data_load_end = (__data_load_start + SIZEOF (.data))

.noinit         0x00800821        0x0
                [!provide]                PROVIDE (__noinit_start, .)
 *(.noinit*)
                [!provide]                PROVIDE (__noinit_end, .)
                0x00800821                _end = .
                [!provide]                PROVIDE (__heap_start, .)

.eeprom         0x00810000        0x0
 *(.eeprom*)
                0x00810000                __eeprom_end = .

.fuse
 *(.fuse)
 *(.lfuse)
 *(.hfuse)
 *(.efuse)

.lock
 *(.lock*)

.signature
 *(.signature*)

.user_signatures
 *(.user_signatures*)

.stab
 *(.stab)

.stabstr
 *(.stabstr)

.stab.excl
 *(.stab.excl)

.stab.exclstr
 *(.stab.exclstr)

.stab.index
 *(.stab.index)

.stab.indexstr
 *(.stab.indexstr)

.comment        0x00000000       0x30
 *(.comment)
 .comment       0x00000000       0x30 ff.o
                                 0x31 (size before relaxing)
 .comment       0x00000030       0x31 mmc.o
 .comment       0x00000030       0x31 uart.o
 .comment       0x00000030       0x31 FatfsAVR.o

.note.gnu.avr.deviceinfo
                0x00000000       0x3c
 .note.gnu.avr.deviceinfo
                0x00000000       0x3c C:/Program Files (x86)/Atmel/Studio/7.0/Packs/atmel/ATmega_DFP/1.0.106/gcc/dev/atmega328/avr5/crtatmega328.o

.note.gnu.build-id
 *(.note.gnu.build-id)

.debug
 *(.debug)

.line
 *(.line)

.debug_srcinfo
 *(.debug_srcinfo)

.debug_sfnames
 *(.debug_sfnames)

.debug_aranges  0x00000000      0x240
 *(.debug_aranges)
 .debug_aranges
                0x00000000      0x118 ff.o
 .debug_aranges
                0x00000118       0x80 mmc.o
 .debug_aranges
                0x00000198       0x48 uart.o
 .debug_aranges
                0x000001e0       0x60 FatfsAVR.o

.debug_pubnames
 *(.debug_pubnames)

.debug_info     0x00000000     0x3de7
 *(.debug_info .gnu.linkonce.wi.*)
 .debug_info    0x00000000     0x26fd ff.o
 .debug_info    0x000026fd      0xd3f mmc.o
 .debug_info    0x0000343c      0x212 uart.o
 .debug_info    0x0000364e      0x799 FatfsAVR.o

.debug_abbrev   0x00000000      0x922
 *(.debug_abbrev)
 .debug_abbrev  0x00000000      0x2ff ff.o
 .debug_abbrev  0x000002ff      0x298 mmc.o
 .debug_abbrev  0x00000597      0x13b uart.o
 .debug_abbrev  0x000006d2      0x250 FatfsAVR.o

.debug_line     0x00000000     0x28c0
 *(.debug_line .debug_line.* .debug_line_end)
 .debug_line    0x00000000     0x1c5c ff.o
 .debug_line    0x00001c5c      0x77d mmc.o
 .debug_line    0x000023d9      0x207 uart.o
 .debug_line    0x000025e0      0x2e0 FatfsAVR.o

.debug_frame    0x00000000      0xbd4
 *(.debug_frame)
 .debug_frame   0x00000000      0x7fc ff.o
 .debug_frame   0x000007fc      0x1ac mmc.o
 .debug_frame   0x000009a8       0xd8 uart.o
 .debug_frame   0x00000a80      0x154 FatfsAVR.o

.debug_str      0x00000000      0x896
 *(.debug_str)
 .debug_str     0x00000000      0x5f2 ff.o
                                0x671 (size before relaxing)
 .debug_str     0x000005f2      0x109 mmc.o
                                0x30b (size before relaxing)
 .debug_str     0x000006fb       0xa4 uart.o
                                0x1d3 (size before relaxing)
 .debug_str     0x0000079f       0xf7 FatfsAVR.o
                                0x4e1 (size before relaxing)

.debug_loc      0x00000000     0x682d
 *(.debug_loc)
 .debug_loc     0x00000000     0x55a4 ff.o
 .debug_loc     0x000055a4      0xd56 mmc.o
 .debug_loc     0x000062fa      0x1eb uart.o
 .debug_loc     0x000064e5      0x348 FatfsAVR.o

.debug_macinfo
 *(.debug_macinfo)

.debug_weaknames
 *(.debug_weaknames)

.debug_funcnames
 *(.debug_funcnames)

.debug_typenames
 *(.debug_typenames)

.debug_varnames
 *(.debug_varnames)

.debug_pubtypes
 *(.debug_pubtypes)

.debug_ranges   0x00000000      0x2b8
 *(.debug_ranges)
 .debug_ranges  0x00000000      0x1c0 ff.o
 .debug_ranges  0x000001c0       0x70 mmc.o
 .debug_ranges  0x00000230       0x38 uart.o
 .debug_ranges  0x00000268       0x50 FatfsAVR.o

.debug_macro
 *(.debug_macro)
OUTPUT(FatfsAVR.elf elf32-avr)
LOAD linker stubs
